---
source: generated-tests/tests/rust.rs
expression: snapshot_content
---
Source Code:
let tuple: (i32, String) = (42, "test".to_string());

AST:
(source_file
  (let_declaration
    pattern: (identifier "tuple")
    type: (tuple_type
      (primitive_type "i32")
      (type_identifier "String")
    )
    value: (tuple_expression
      (integer_literal "42")
      (call_expression
        function: (field_expression
          value: (string_literal ""test""
            (string_content)
          )
          field: (field_identifier "to_string")
        )
        arguments: (arguments)
      )
    )
  )
)

IR:
IntermediateRepresentation {
    file_path: "<memory>",
    definitions: [
        Definition {
            name: "tuple",
            position: Position {
                start_line: 1,
                start_column: 5,
                end_line: 1,
                end_column: 10,
            },
            definition_type: VariableDefinition,
        },
    ],
    dependencies: [],
    usage: [
        Usage {
            name: "String",
            kind: TypeIdentifier,
            position: Position {
                start_line: 1,
                start_column: 18,
                end_line: 1,
                end_column: 24,
            },
        },
        Usage {
            name: "\"test\".to_string()",
            kind: CallExpression,
            position: Position {
                start_line: 1,
                start_column: 33,
                end_line: 1,
                end_column: 51,
            },
        },
        Usage {
            name: "\"test\".to_string",
            kind: FieldExpression,
            position: Position {
                start_line: 1,
                start_column: 33,
                end_line: 1,
                end_column: 49,
            },
        },
    ],
    analysis_metadata: AnalysisMetadata {
        language: "Rust",
        total_lines: 1,
        analysis_timestamp: "now",
        lintric_version: "0.1.0",
    },
}
