---
source: crates/test-generator/tests/tsx.rs
expression: snapshot_content
---
Source Code:
x2 += y2

AST:
(program
  (expression_statement
    (augmented_assignment_expression
      left: (identifier "x2")
      right: (identifier "y2")
    )
  )
)

IR:
IntermediateRepresentation {
    file_path: "<memory>",
    definitions: [],
    dependencies: [],
    usage: [
        Usage { position: { 1:1 to 1:3 }, name: "x2", kind: Identifier, context: None },
        Usage { position: { 1:7 to 1:9 }, name: "y2", kind: Identifier, context: None },
    ],
    analysis_metadata: AnalysisMetadata {
        language: "TSX",
        total_lines: 1,
        analysis_timestamp: "now",
        lintric_version: "0.1.0",
    },
}
