---
source: crates/test-generator/tests/tsx.rs
expression: snapshot_content
---
Source Code:
a3, b3

AST:
(program
  (expression_statement
    (sequence_expression
      (identifier "a3")
      (identifier "b3")
    )
  )
)

IR:
IntermediateRepresentation {
    file_path: "<memory>",
    definitions: [],
    dependencies: [],
    usage: [
        Usage {
            name: "a3",
            kind: Identifier,
            position: Position {
                start_line: 1,
                start_column: 1,
                end_line: 1,
                end_column: 3,
            },
            context: None,
        },
        Usage {
            name: "b3",
            kind: Identifier,
            position: Position {
                start_line: 1,
                start_column: 5,
                end_line: 1,
                end_column: 7,
            },
            context: None,
        },
    ],
    analysis_metadata: AnalysisMetadata {
        language: "TSX",
        total_lines: 1,
        analysis_timestamp: "now",
        lintric_version: "0.1.0",
    },
}
