---
source: crates/test-generator/tests/tsx.rs
expression: snapshot_content
---
Source Code:
const value24: (string | number) = 'test';

AST:
(program
  (lexical_declaration
    (variable_declarator
      name: (identifier "value24")
      type: (type_annotation
        (parenthesized_type
          (union_type
            (predefined_type "string")
            (predefined_type "number")
          )
        )
      )
      value: (string
        (string_fragment)
      )
    )
  )
)

IR:
IntermediateRepresentation {
    file_path: "<memory>",
    definitions: [
        Definition {
            name: "value24",
            position: Position {
                start_line: 1,
                start_column: 7,
                end_line: 1,
                end_column: 14,
            },
            definition_type: VariableDefinition,
        },
    ],
    dependencies: [],
    usage: [],
    analysis_metadata: AnalysisMetadata {
        language: "TSX",
        total_lines: 1,
        analysis_timestamp: "now",
        lintric_version: "0.1.0",
    },
}
