---
source: crates/test-generator/tests/typescript.rs
expression: snapshot_content
---
Source Code:
value25 satisfies string

AST:
(program
  (expression_statement
    (satisfies_expression
      (identifier "value25")
      (predefined_type "string")
    )
  )
)

IR:
IntermediateRepresentation {
    file_path: "<memory>",
    definitions: [],
    dependencies: [],
    usage: [
        Usage { position: { 1:1 to 1:8 }, name: "value25", kind: Identifier, context: None },
    ],
    analysis_metadata: AnalysisMetadata {
        language: "TypeScript",
        total_lines: 1,
        analysis_timestamp: "now",
        lintric_version: "0.1.0",
    },
}
