---
source: crates/test-generator/tests/typescript.rs
expression: snapshot_content
---
Source Code:
value15!

AST:
(program
  (expression_statement
    (non_null_expression
      (identifier "value15")
    )
  )
)

IR:
IntermediateRepresentation {
    file_path: "<memory>",
    definitions: [],
    dependencies: [],
    usage: [
        Usage { position: { 1:1 to 1:8 }, name: "value15", kind: Identifier, context: None },
    ],
    analysis_metadata: AnalysisMetadata {
        language: "TypeScript",
        total_lines: 1,
        analysis_timestamp: "now",
        lintric_version: "0.1.0",
    },
}
