---
source: cli/tests/test_main.rs
expression: stdout
---
{
  "results": [
    {
      "file_path": "../core/tests/rust/fixtures/complex_rust_code.rs",
      "original_file_path": "../core/tests/rust/fixtures/complex_rust_code.rs",
      "line_metrics": [
        {
          "line_number": 7,
          "total_dependencies": 2,
          "dependency_distance_cost": 0.0625,
          "depth": 1,
          "transitive_dependencies": 1,
          "dependent_lines": [
            6,
            6
          ]
        },
        {
          "line_number": 8,
          "total_dependencies": 1,
          "dependency_distance_cost": 0.03125,
          "depth": 2,
          "transitive_dependencies": 2,
          "dependent_lines": [
            7
          ]
        },
        {
          "line_number": 16,
          "total_dependencies": 6,
          "dependency_distance_cost": 1.46875,
          "depth": 1,
          "transitive_dependencies": 4,
          "dependent_lines": [
            13,
            26,
            12,
            26,
            6,
            6
          ]
        },
        {
          "line_number": 17,
          "total_dependencies": 6,
          "dependency_distance_cost": 1.59375,
          "depth": 2,
          "transitive_dependencies": 5,
          "dependent_lines": [
            13,
            27,
            12,
            27,
            6,
            6
          ]
        },
        {
          "line_number": 22,
          "total_dependencies": 1,
          "dependency_distance_cost": 0.03125,
          "depth": 1,
          "transitive_dependencies": 1,
          "dependent_lines": [
            21
          ]
        },
        {
          "line_number": 23,
          "total_dependencies": 1,
          "dependency_distance_cost": 0.03125,
          "depth": 2,
          "transitive_dependencies": 2,
          "dependent_lines": [
            22
          ]
        },
        {
          "line_number": 27,
          "total_dependencies": 1,
          "dependency_distance_cost": 0.03125,
          "depth": 1,
          "transitive_dependencies": 1,
          "dependent_lines": [
            26
          ]
        },
        {
          "line_number": 28,
          "total_dependencies": 2,
          "dependency_distance_cost": 0.09375,
          "depth": 2,
          "transitive_dependencies": 2,
          "dependent_lines": [
            26,
            27
          ]
        },
        {
          "line_number": 30,
          "total_dependencies": 1,
          "dependency_distance_cost": 0.46875,
          "depth": 1,
          "transitive_dependencies": 1,
          "dependent_lines": [
            15
          ]
        },
        {
          "line_number": 31,
          "total_dependencies": 1,
          "dependency_distance_cost": 0.34375,
          "depth": 1,
          "transitive_dependencies": 1,
          "dependent_lines": [
            20
          ]
        }
      ],
      "overall_complexity_score": 40.415625000000006
    }
  ],
  "total_files_analyzed": 1,
  "total_overall_complexity_score": 40.415625000000006,
  "average_complexity_score": 40.415625000000006
}
