---
source: crates/test-generator/tests/rust.rs
expression: snapshot_content
---
Source Code:
;

AST:
(source_file
  (empty_statement)
)

IR:
IntermediateRepresentation {
    file_path: "<memory>",
    definitions: [],
    dependencies: [],
    usage: [],
    analysis_metadata: AnalysisMetadata {
        language: "Rust",
        total_lines: 1,
        analysis_timestamp: "now",
        lintric_version: "0.1.0",
    },
}
