---
source: crates/test-generator/tests/rust.rs
expression: snapshot_content
---
Source Code:
(item11, item21);

AST:
(source_file
  (expression_statement
    (tuple_expression
      (identifier "item11")
      (identifier "item21")
    )
  )
)

IR:
IntermediateRepresentation {
    file_path: "<memory>",
    definitions: [],
    dependencies: [],
    usage: [
        Usage { position: { 1:2 to 1:8 }, name: "item11", kind: Identifier, context: None },
        Usage { position: { 1:10 to 1:16 }, name: "item21", kind: Identifier, context: None },
    ],
    analysis_metadata: AnalysisMetadata {
        language: "Rust",
        total_lines: 1,
        analysis_timestamp: "now",
        lintric_version: "0.1.0",
    },
}
