---
source: generated-tests/tests/tsx.rs
expression: snapshot_content
---
Source Code:
const element = <div>content</div>;

AST:
(program
  (lexical_declaration
    (variable_declarator
      (identifier element)
      (jsx_element
        (jsx_opening_element
          (identifier div)
        )
        (jsx_text)
        (jsx_closing_element
          (identifier div)
        )
      )
    )
  )
)

IR:
IntermediateRepresentation {
    file_path: "<memory>",
    definitions: [
        Definition {
            name: "element",
            line_number: 1,
            definition_type: VariableDefinition,
            scope: None,
        },
    ],
    dependencies: [],
    usage: [
        SerializableUsage {
            name: "div",
            kind: Identifier,
            scope: None,
            start_line: 1,
            start_column: 18,
            end_line: 1,
            end_column: 21,
        },
        SerializableUsage {
            name: "div",
            kind: Identifier,
            scope: None,
            start_line: 1,
            start_column: 31,
            end_line: 1,
            end_column: 34,
        },
    ],
    analysis_metadata: AnalysisMetadata {
        language: "TSX",
        total_lines: 1,
        analysis_timestamp: "now",
        lintric_version: "0.1.0",
    },
}
