---
source: generated-tests/tests/typescript.rs
expression: snapshot_content
---
Source Code:
(value19)

AST:
(program
  (expression_statement
    (parenthesized_expression
      (identifier value19)
    )
  )
)

IR:
IntermediateRepresentation {
    file_path: "<memory>",
    definitions: [],
    dependencies: [],
    usage: [
        SerializableUsage {
            name: "value19",
            kind: Identifier,
            scope: None,
            start_line: 1,
            start_column: 2,
            end_line: 1,
            end_column: 9,
        },
    ],
    analysis_metadata: AnalysisMetadata {
        language: "TypeScript",
        total_lines: 1,
        analysis_timestamp: "now",
        lintric_version: "0.1.0",
    },
}
