---
source: generated-tests/tests/typescript.rs
expression: snapshot_content
---
Source Code:
const value20: (string | number) = 'test';

AST:
(program
  (lexical_declaration
    (variable_declarator
      (identifier value20)
      (type_annotation
        (parenthesized_type
          (union_type
            (predefined_type)
            (predefined_type)
          )
        )
      )
      (string
        (string_fragment)
      )
    )
  )
)

IR:
IntermediateRepresentation {
    file_path: "<memory>",
    definitions: [
        Definition {
            name: "value20",
            position: Position {
                start_line: 1,
                start_column: 7,
                end_line: 1,
                end_column: 14,
            },
            definition_type: VariableDefinition,
        },
    ],
    dependencies: [],
    usage: [],
    analysis_metadata: AnalysisMetadata {
        language: "TypeScript",
        total_lines: 1,
        analysis_timestamp: "now",
        lintric_version: "0.1.0",
    },
}
