---
source: generated-tests/tests/typescript.rs
expression: snapshot_content
---
Source Code:
const val: * = 42;

AST:
(program
  (lexical_declaration
    (variable_declarator
      (identifier val)
      (type_annotation
        (existential_type)
      )
      (number)
    )
  )
)

IR:
IntermediateRepresentation {
    file_path: "<memory>",
    definitions: [
        Definition {
            name: "val",
            line_number: 1,
            definition_type: VariableDefinition,
            scope: None,
        },
    ],
    dependencies: [],
    usage: [],
    analysis_metadata: AnalysisMetadata {
        language: "TypeScript",
        total_lines: 1,
        analysis_timestamp: "now",
        lintric_version: "0.1.0",
    },
}
