---
source: core/tests/rust/mod.rs
assertion_line: 85
expression: "serde_json::to_string_pretty(&result).unwrap()"
---
{
  "file_path": "fixtures/closure_dependency.rs",
  "original_file_path": "fixtures/closure_dependency.rs",
  "line_metrics": [
    {
      "line_number": 1,
      "total_dependencies": 0,
      "dependency_distance_cost": -0.0,
      "depth": 0,
      "transitive_dependencies": 0,
      "dependent_lines": []
    },
    {
      "line_number": 2,
      "total_dependencies": 0,
      "dependency_distance_cost": -0.0,
      "depth": 0,
      "transitive_dependencies": 0,
      "dependent_lines": []
    },
    {
      "line_number": 3,
      "total_dependencies": 0,
      "dependency_distance_cost": -0.0,
      "depth": 0,
      "transitive_dependencies": 0,
      "dependent_lines": []
    },
    {
      "line_number": 4,
      "total_dependencies": 3,
      "dependency_distance_cost": 1.0,
      "depth": 1,
      "transitive_dependencies": 2,
      "dependent_lines": [
        3,
        2,
        2
      ]
    },
    {
      "line_number": 5,
      "total_dependencies": 0,
      "dependency_distance_cost": -0.0,
      "depth": 0,
      "transitive_dependencies": 0,
      "dependent_lines": []
    },
    {
      "line_number": 6,
      "total_dependencies": 0,
      "dependency_distance_cost": -0.0,
      "depth": 0,
      "transitive_dependencies": 0,
      "dependent_lines": []
    }
  ],
  "overall_complexity_score": 4.5
}
